{"replace":{"/usr/local/go/src/io/io.go":"io.go"}}
